// Jest Snapshot v1, https://goo.gl/fbAQLP

exports[`ClearOption should generate ClearOption snapshot 1`] = `
<View
  accessibilityLabel="Clear a chosen option"
  accessibilityRole="button"
  accessibilityState={
    {
      "disabled": false,
    }
  }
  accessible={true}
  collapsable={false}
  focusable={true}
  hitSlop={
    {
      "left": 3,
      "right": 3,
    }
  }
  onBlur={[Function]}
  onClick={[Function]}
  onFocus={[Function]}
  onResponderGrant={[Function]}
  onResponderMove={[Function]}
  onResponderRelease={[Function]}
  onResponderTerminate={[Function]}
  onResponderTerminationRequest={[Function]}
  onStartShouldSetResponder={[Function]}
  style={
    [
      {
        "height": "100%",
        "justifyContent": "center",
      },
      undefined,
    ]
  }
>
  <Image
    source={
      {
        "testUri": "packages/react-native-select-pro/src/assets/icons/x.png",
      }
    }
    style={
      [
        {
          "height": 20,
          "width": 20,
          "zIndex": 1,
        },
        undefined,
      ]
    }
  />
</View>
`;
