// Jest Snapshot v1, https://goo.gl/fbAQLP

exports[`SelectFieldType should generate SelectFieldType snapshot 1`] = `
<SelectFieldType
  disabled={false}
  dispatch={[Function]}
  isOpened={false}
  multiSelection={false}
  onPressRemove={[Function]}
  onPressSelectControl={[Function]}
  searchValue=""
  selectedOption={null}
  setPosition={[Function]}
  textInputProps={{}}
/>
`;
