// Jest Snapshot v1, https://goo.gl/fbAQLP

exports[`MultiSelectedOption should generate MultiSelectedOption snapshot 1`] = `
<View
  accessibilityLabel="test selected"
  accessibilityState={
    {
      "disabled": true,
    }
  }
  accessible={true}
  collapsable={false}
  focusable={true}
  onBlur={[Function]}
  onClick={[Function]}
  onFocus={[Function]}
  onResponderGrant={[Function]}
  onResponderMove={[Function]}
  onResponderRelease={[Function]}
  onResponderTerminate={[Function]}
  onResponderTerminationRequest={[Function]}
  onStartShouldSetResponder={[Function]}
  style={
    [
      {
        "alignItems": "flex-start",
        "backgroundColor": "#e0e0e0",
        "borderColor": "#000000",
        "borderRadius": 4,
        "borderWidth": 1,
        "display": "flex",
        "justifyContent": "center",
        "margin": 2,
        "paddingLeft": 5,
      },
      {},
      {
        "width": "100%",
      },
    ]
  }
>
  <Text
    numberOfLines={1}
    style={
      [
        {
          "fontSize": 12,
          "textAlign": "left",
        },
        {},
        {
          "color": "#000000",
        },
      ]
    }
  >
    test
  </Text>
</View>
`;
