// Jest Snapshot v1, https://goo.gl/fbAQLP

exports[`ArrowImage should generate ArrowImage snapshot 1`] = `
<Image
  collapsable={false}
  source={
    {
      "testUri": "packages/react-native-select-pro/src/assets/icons/chevron-down.png",
    }
  }
  style={
    {
      "height": 24,
      "transform": [
        {
          "rotate": "0deg",
        },
      ],
      "width": 24,
      "zIndex": -1,
    }
  }
/>
`;
