// Jest Snapshot v1, https://goo.gl/fbAQLP

exports[`Arrow should generate Arrow snapshot 1`] = `
<Arrow
  animation={200}
  arrowIconStyles={Object {}}
  disabled={false}
  isOpened={true}
  multiSelection={false}
  onPressSelectControl={[Function]}
/>
`;
