// Jest Snapshot v1, https://goo.gl/fbAQLP

exports[`OptionsListWrapper should generate OptionsListWrapper snapshot 1`] = `null`;
