// Jest Snapshot v1, https://goo.gl/fbAQLP

exports[`NoOptions should generate NoOptions snapshot 1`] = `
<NoOptions
  noOptionsText="Test"
/>
`;
