// Jest Snapshot v1, https://goo.gl/fbAQLP

exports[`SectionOptionsList should generate SectionOptionsList snapshot 1`] = `
<RCTScrollView
  ListEmptyComponent={<NoOptions />}
  accessibilityLabel="Options list"
  accessibilityState={
    {
      "expanded": false,
    }
  }
  bounces={false}
  data={
    [
      {
        "data": [
          {
            "label": "test",
            "value": "test",
          },
        ],
        "title": "test",
      },
    ]
  }
  getItem={[Function]}
  getItemCount={[Function]}
  getItemLayout={[Function]}
  keyExtractor={[Function]}
  keyboardShouldPersistTaps="handled"
  onContentSizeChange={[Function]}
  onLayout={[Function]}
  onMomentumScrollBegin={[Function]}
  onMomentumScrollEnd={[Function]}
  onScroll={[Function]}
  onScrollBeginDrag={[Function]}
  onScrollEndDrag={[Function]}
  persistentScrollbar={true}
  renderItem={[Function]}
  scrollEventThrottle={50}
  stickyHeaderIndices={
    [
      0,
    ]
  }
  testID="Options list"
>
  <View>
    <View
      style={null}
    >
      <View
        style={
          [
            {
              "backgroundColor": "#ffffff",
              "padding": 12,
            },
            undefined,
          ]
        }
      >
        <Text
          style={
            [
              {
                "color": "#000000",
                "fontSize": 12,
                "fontWeight": "bold",
                "textAlign": "left",
              },
              undefined,
            ]
          }
        >
          test
        </Text>
      </View>
    </View>
    <View
      style={null}
    >
      <Text>
        Test
      </Text>
    </View>
    <View
      style={null}
    />
  </View>
</RCTScrollView>
`;
