// Jest Snapshot v1, https://goo.gl/fbAQLP

exports[`SelectControl should generate SelectControl snapshot 1`] = `
<View
  style={
    {
      "position": "relative",
    }
  }
>
  <View
    accessibilityLabel="Open a dropdown"
    accessible={true}
    collapsable={false}
    focusable={true}
    onBlur={[Function]}
    onClick={[Function]}
    onFocus={[Function]}
    onResponderGrant={[Function]}
    onResponderMove={[Function]}
    onResponderRelease={[Function]}
    onResponderTerminate={[Function]}
    onResponderTerminationRequest={[Function]}
    onStartShouldSetResponder={[Function]}
    style={
      [
        {
          "backgroundColor": "#ffffff",
          "borderRadius": 4,
          "borderWidth": 1,
          "flexDirection": "row",
          "height": 40,
        },
        false,
        undefined,
        {},
      ]
    }
  >
    <View
      style={
        [
          {
            "flex": 1,
            "height": "100%",
            "justifyContent": "center",
            "paddingHorizontal": 12,
          },
          {
            "paddingRight": 55,
          },
        ]
      }
    >
      <TextInput
        accessibilityLabel="Place text"
        editable={true}
        onChangeText={[Function]}
        onPressIn={[Function]}
        style={
          [
            {
              "fontSize": 12,
            },
            undefined,
          ]
        }
        textAlign="left"
        value=""
      />
    </View>
    <View
      style={
        [
          {
            "alignItems": "center",
            "flexDirection": "row",
            "height": "100%",
            "justifyContent": "center",
            "position": "absolute",
            "right": 8,
            "top": 0,
          },
          undefined,
        ]
      }
    >
      <Image
        source={
          {
            "testUri": "packages/react-native-select-pro/src/assets/icons/chevron-down.png",
          }
        }
        style={
          [
            {
              "height": 24,
              "width": 24,
              "zIndex": -1,
            },
            false,
            undefined,
          ]
        }
      />
    </View>
  </View>
</View>
`;
