// Jest Snapshot v1, https://goo.gl/fbAQLP

exports[`SelectInput should generate SelectInput snapshot 1`] = `
<SelectInput
  disabled={false}
  dispatch={[Function]}
  isOpened={false}
  multiSelection={false}
  onPressSelectControl={[Function]}
  searchValue=""
  selectedOption={null}
  setPosition={[Function]}
  textInputProps={{}}
  textStyle={{}}
/>
`;
